<?xml version="1.0" encoding="ISO-8859-1" ?>
<link_info>
   <banner>MSP430 Linker Unix v18.1.2.LTS</banner>
   <copyright>Copyright (c) 2003-2017 Texas Instruments Incorporated</copyright>
   <link_time>0x5b47be62</link_time>
   <link_errors>0x0</link_errors>
   <output_file>msp430_uart_example.out</output_file>
   <entry_point>
      <name>_c_int00_noinit_noargs</name>
      <address>0x4556</address>
   </entry_point>
   <input_file_list>
      <input_file id="fl-1">
         <path>./</path>
         <kind>object</kind>
         <file>main.obj</file>
         <name>main.obj</name>
      </input_file>
      <input_file id="fl-28">
         <path>/home/mw/ti/ccsv8/tools/compiler/ti-cgt-msp430_18.1.2.LTS/lib/</path>
         <kind>archive</kind>
         <file>rts430x_lc_rd_eabi.lib</file>
         <name>copy_decompress_lzss.c.obj</name>
      </input_file>
      <input_file id="fl-29">
         <path>/home/mw/ti/ccsv8/tools/compiler/ti-cgt-msp430_18.1.2.LTS/lib/</path>
         <kind>archive</kind>
         <file>rts430x_lc_rd_eabi.lib</file>
         <name>copy_decompress_none.c.obj</name>
      </input_file>
      <input_file id="fl-46">
         <path>/home/mw/ti/ccsv8/tools/compiler/ti-cgt-msp430_18.1.2.LTS/lib/</path>
         <kind>archive</kind>
         <file>rts430x_lc_rd_eabi.lib</file>
         <name>copy_zero_init.c.obj</name>
      </input_file>
      <input_file id="fl-4d">
         <path>/home/mw/ti/ccsv8/ccs_base/msp430/lib/FR59xx/</path>
         <kind>archive</kind>
         <file>MSPMPU_INIT_LIB_CCS_msp430_large_code_restricted_data.lib</file>
         <name>mpu_init.o</name>
      </input_file>
      <input_file id="fl-51">
         <path>/home/mw/ti/ccsv8/tools/compiler/ti-cgt-msp430_18.1.2.LTS/lib/</path>
         <kind>archive</kind>
         <file>rts430x_lc_rd_eabi.lib</file>
         <name>pre_init.c.obj</name>
      </input_file>
      <input_file id="fl-52">
         <path>/home/mw/ti/ccsv8/tools/compiler/ti-cgt-msp430_18.1.2.LTS/lib/</path>
         <kind>archive</kind>
         <file>rts430x_lc_rd_eabi.lib</file>
         <name>cpy_tbl.c.obj</name>
      </input_file>
      <input_file id="fl-55">
         <path>/home/mw/ti/ccsv8/tools/compiler/ti-cgt-msp430_18.1.2.LTS/lib/</path>
         <kind>archive</kind>
         <file>rts430x_lc_rd_eabi.lib</file>
         <name>exit_gvars.c.obj</name>
      </input_file>
      <input_file id="fl-56">
         <path>/home/mw/ti/ccsv8/tools/compiler/ti-cgt-msp430_18.1.2.LTS/lib/</path>
         <kind>archive</kind>
         <file>rts430x_lc_rd_eabi.lib</file>
         <name>_lock.c.obj</name>
      </input_file>
      <input_file id="fl-57">
         <path>/home/mw/ti/ccsv8/tools/compiler/ti-cgt-msp430_18.1.2.LTS/lib/</path>
         <kind>archive</kind>
         <file>rts430x_lc_rd_eabi.lib</file>
         <name>memcpy.c.obj</name>
      </input_file>
      <input_file id="fl-59">
         <path>/tmp/</path>
         <kind>object</kind>
         <file>TI5ihKB4oJQ</file>
         <name>TI5ihKB4oJQ</name>
      </input_file>
      <input_file id="fl-8">
         <kind>object</kind>
         <file>&lt;internal&gt;</file>
         <name>&lt;internal&gt;</name>
      </input_file>
      <input_file id="fl-2a">
         <path>/home/mw/ti/ccsv8/tools/compiler/ti-cgt-msp430_18.1.2.LTS/lib/</path>
         <kind>archive</kind>
         <file>rts430x_lc_rd_eabi.lib</file>
         <name>int27.asm.obj</name>
      </input_file>
      <input_file id="fl-2b">
         <path>/home/mw/ti/ccsv8/tools/compiler/ti-cgt-msp430_18.1.2.LTS/lib/</path>
         <kind>archive</kind>
         <file>rts430x_lc_rd_eabi.lib</file>
         <name>isr_trap.asm.obj</name>
      </input_file>
      <input_file id="fl-2c">
         <path>/home/mw/ti/ccsv8/tools/compiler/ti-cgt-msp430_18.1.2.LTS/lib/</path>
         <kind>archive</kind>
         <file>rts430x_lc_rd_eabi.lib</file>
         <name>int28.asm.obj</name>
      </input_file>
      <input_file id="fl-2d">
         <path>/home/mw/ti/ccsv8/tools/compiler/ti-cgt-msp430_18.1.2.LTS/lib/</path>
         <kind>archive</kind>
         <file>rts430x_lc_rd_eabi.lib</file>
         <name>int29.asm.obj</name>
      </input_file>
      <input_file id="fl-2e">
         <path>/home/mw/ti/ccsv8/tools/compiler/ti-cgt-msp430_18.1.2.LTS/lib/</path>
         <kind>archive</kind>
         <file>rts430x_lc_rd_eabi.lib</file>
         <name>int30.asm.obj</name>
      </input_file>
      <input_file id="fl-2f">
         <path>/home/mw/ti/ccsv8/tools/compiler/ti-cgt-msp430_18.1.2.LTS/lib/</path>
         <kind>archive</kind>
         <file>rts430x_lc_rd_eabi.lib</file>
         <name>int31.asm.obj</name>
      </input_file>
      <input_file id="fl-30">
         <path>/home/mw/ti/ccsv8/tools/compiler/ti-cgt-msp430_18.1.2.LTS/lib/</path>
         <kind>archive</kind>
         <file>rts430x_lc_rd_eabi.lib</file>
         <name>int32.asm.obj</name>
      </input_file>
      <input_file id="fl-31">
         <path>/home/mw/ti/ccsv8/tools/compiler/ti-cgt-msp430_18.1.2.LTS/lib/</path>
         <kind>archive</kind>
         <file>rts430x_lc_rd_eabi.lib</file>
         <name>int33.asm.obj</name>
      </input_file>
      <input_file id="fl-32">
         <path>/home/mw/ti/ccsv8/tools/compiler/ti-cgt-msp430_18.1.2.LTS/lib/</path>
         <kind>archive</kind>
         <file>rts430x_lc_rd_eabi.lib</file>
         <name>int34.asm.obj</name>
      </input_file>
      <input_file id="fl-33">
         <path>/home/mw/ti/ccsv8/tools/compiler/ti-cgt-msp430_18.1.2.LTS/lib/</path>
         <kind>archive</kind>
         <file>rts430x_lc_rd_eabi.lib</file>
         <name>int35.asm.obj</name>
      </input_file>
      <input_file id="fl-34">
         <path>/home/mw/ti/ccsv8/tools/compiler/ti-cgt-msp430_18.1.2.LTS/lib/</path>
         <kind>archive</kind>
         <file>rts430x_lc_rd_eabi.lib</file>
         <name>int36.asm.obj</name>
      </input_file>
      <input_file id="fl-35">
         <path>/home/mw/ti/ccsv8/tools/compiler/ti-cgt-msp430_18.1.2.LTS/lib/</path>
         <kind>archive</kind>
         <file>rts430x_lc_rd_eabi.lib</file>
         <name>int37.asm.obj</name>
      </input_file>
      <input_file id="fl-36">
         <path>/home/mw/ti/ccsv8/tools/compiler/ti-cgt-msp430_18.1.2.LTS/lib/</path>
         <kind>archive</kind>
         <file>rts430x_lc_rd_eabi.lib</file>
         <name>int38.asm.obj</name>
      </input_file>
      <input_file id="fl-37">
         <path>/home/mw/ti/ccsv8/tools/compiler/ti-cgt-msp430_18.1.2.LTS/lib/</path>
         <kind>archive</kind>
         <file>rts430x_lc_rd_eabi.lib</file>
         <name>int39.asm.obj</name>
      </input_file>
      <input_file id="fl-38">
         <path>/home/mw/ti/ccsv8/tools/compiler/ti-cgt-msp430_18.1.2.LTS/lib/</path>
         <kind>archive</kind>
         <file>rts430x_lc_rd_eabi.lib</file>
         <name>int40.asm.obj</name>
      </input_file>
      <input_file id="fl-39">
         <path>/home/mw/ti/ccsv8/tools/compiler/ti-cgt-msp430_18.1.2.LTS/lib/</path>
         <kind>archive</kind>
         <file>rts430x_lc_rd_eabi.lib</file>
         <name>int41.asm.obj</name>
      </input_file>
      <input_file id="fl-3a">
         <path>/home/mw/ti/ccsv8/tools/compiler/ti-cgt-msp430_18.1.2.LTS/lib/</path>
         <kind>archive</kind>
         <file>rts430x_lc_rd_eabi.lib</file>
         <name>int42.asm.obj</name>
      </input_file>
      <input_file id="fl-3b">
         <path>/home/mw/ti/ccsv8/tools/compiler/ti-cgt-msp430_18.1.2.LTS/lib/</path>
         <kind>archive</kind>
         <file>rts430x_lc_rd_eabi.lib</file>
         <name>int43.asm.obj</name>
      </input_file>
      <input_file id="fl-3c">
         <path>/home/mw/ti/ccsv8/tools/compiler/ti-cgt-msp430_18.1.2.LTS/lib/</path>
         <kind>archive</kind>
         <file>rts430x_lc_rd_eabi.lib</file>
         <name>int44.asm.obj</name>
      </input_file>
      <input_file id="fl-3d">
         <path>/home/mw/ti/ccsv8/tools/compiler/ti-cgt-msp430_18.1.2.LTS/lib/</path>
         <kind>archive</kind>
         <file>rts430x_lc_rd_eabi.lib</file>
         <name>int45.asm.obj</name>
      </input_file>
      <input_file id="fl-3e">
         <path>/home/mw/ti/ccsv8/tools/compiler/ti-cgt-msp430_18.1.2.LTS/lib/</path>
         <kind>archive</kind>
         <file>rts430x_lc_rd_eabi.lib</file>
         <name>int46.asm.obj</name>
      </input_file>
      <input_file id="fl-3f">
         <path>/home/mw/ti/ccsv8/tools/compiler/ti-cgt-msp430_18.1.2.LTS/lib/</path>
         <kind>archive</kind>
         <file>rts430x_lc_rd_eabi.lib</file>
         <name>int48.asm.obj</name>
      </input_file>
      <input_file id="fl-40">
         <path>/home/mw/ti/ccsv8/tools/compiler/ti-cgt-msp430_18.1.2.LTS/lib/</path>
         <kind>archive</kind>
         <file>rts430x_lc_rd_eabi.lib</file>
         <name>int49.asm.obj</name>
      </input_file>
      <input_file id="fl-41">
         <path>/home/mw/ti/ccsv8/tools/compiler/ti-cgt-msp430_18.1.2.LTS/lib/</path>
         <kind>archive</kind>
         <file>rts430x_lc_rd_eabi.lib</file>
         <name>int50.asm.obj</name>
      </input_file>
      <input_file id="fl-42">
         <path>/home/mw/ti/ccsv8/tools/compiler/ti-cgt-msp430_18.1.2.LTS/lib/</path>
         <kind>archive</kind>
         <file>rts430x_lc_rd_eabi.lib</file>
         <name>int51.asm.obj</name>
      </input_file>
      <input_file id="fl-43">
         <path>/home/mw/ti/ccsv8/tools/compiler/ti-cgt-msp430_18.1.2.LTS/lib/</path>
         <kind>archive</kind>
         <file>rts430x_lc_rd_eabi.lib</file>
         <name>int52.asm.obj</name>
      </input_file>
      <input_file id="fl-44">
         <path>/home/mw/ti/ccsv8/tools/compiler/ti-cgt-msp430_18.1.2.LTS/lib/</path>
         <kind>archive</kind>
         <file>rts430x_lc_rd_eabi.lib</file>
         <name>int53.asm.obj</name>
      </input_file>
      <input_file id="fl-45">
         <path>/home/mw/ti/ccsv8/tools/compiler/ti-cgt-msp430_18.1.2.LTS/lib/</path>
         <kind>archive</kind>
         <file>rts430x_lc_rd_eabi.lib</file>
         <name>int54.asm.obj</name>
      </input_file>
      <input_file id="fl-47">
         <path>/home/mw/ti/ccsv8/tools/compiler/ti-cgt-msp430_18.1.2.LTS/lib/</path>
         <kind>archive</kind>
         <file>rts430x_lc_rd_eabi.lib</file>
         <name>mult16_f5hw.asm.obj</name>
      </input_file>
      <input_file id="fl-48">
         <path>/home/mw/ti/ccsv8/tools/compiler/ti-cgt-msp430_18.1.2.LTS/lib/</path>
         <kind>archive</kind>
         <file>rts430x_lc_rd_eabi.lib</file>
         <name>mult32_f5hw.asm.obj</name>
      </input_file>
      <input_file id="fl-49">
         <path>/home/mw/ti/ccsv8/tools/compiler/ti-cgt-msp430_18.1.2.LTS/lib/</path>
         <kind>archive</kind>
         <file>rts430x_lc_rd_eabi.lib</file>
         <name>mult64_f5hw.asm.obj</name>
      </input_file>
      <input_file id="fl-4a">
         <path>/home/mw/ti/ccsv8/tools/compiler/ti-cgt-msp430_18.1.2.LTS/lib/</path>
         <kind>archive</kind>
         <file>rts430x_lc_rd_eabi.lib</file>
         <name>mult1632_f5hw.asm.obj</name>
      </input_file>
      <input_file id="fl-4b">
         <path>/home/mw/ti/ccsv8/tools/compiler/ti-cgt-msp430_18.1.2.LTS/lib/</path>
         <kind>archive</kind>
         <file>rts430x_lc_rd_eabi.lib</file>
         <name>mult3264_f5hw.asm.obj</name>
      </input_file>
      <input_file id="fl-4c">
         <path>/home/mw/ti/ccsv8/tools/compiler/ti-cgt-msp430_18.1.2.LTS/lib/</path>
         <kind>archive</kind>
         <file>rts430x_lc_rd_eabi.lib</file>
         <name>boot.c.obj</name>
      </input_file>
      <input_file id="fl-4e">
         <path>/home/mw/ti/ccsv8/tools/compiler/ti-cgt-msp430_18.1.2.LTS/lib/</path>
         <kind>archive</kind>
         <file>rts430x_lc_rd_eabi.lib</file>
         <name>args_main.c.obj</name>
      </input_file>
      <input_file id="fl-4f">
         <path>/home/mw/ti/ccsv8/tools/compiler/ti-cgt-msp430_18.1.2.LTS/lib/</path>
         <kind>archive</kind>
         <file>rts430x_lc_rd_eabi.lib</file>
         <name>autoinit.c.obj</name>
      </input_file>
      <input_file id="fl-50">
         <path>/home/mw/ti/ccsv8/tools/compiler/ti-cgt-msp430_18.1.2.LTS/lib/</path>
         <kind>archive</kind>
         <file>rts430x_lc_rd_eabi.lib</file>
         <name>startup.c.obj</name>
      </input_file>
      <input_file id="fl-53">
         <path>/home/mw/ti/ccsv8/tools/compiler/ti-cgt-msp430_18.1.2.LTS/lib/</path>
         <kind>archive</kind>
         <file>rts430x_lc_rd_eabi.lib</file>
         <name>mult16.asm.obj</name>
      </input_file>
      <input_file id="fl-54">
         <path>/home/mw/ti/ccsv8/tools/compiler/ti-cgt-msp430_18.1.2.LTS/lib/</path>
         <kind>archive</kind>
         <file>rts430x_lc_rd_eabi.lib</file>
         <name>exit.c.obj</name>
      </input_file>
   </input_file_list>
   <object_component_list>
      <object_component id="oc-5b3">
         <name>.stack</name>
         <uninitialized>true</uninitialized>
         <run_address>0x2360</run_address>
         <size>0x4</size>
         <input_file_ref idref="fl-4c"/>
      </object_component>
      <object_component id="oc-768">
         <name>.stack</name>
         <uninitialized>true</uninitialized>
         <run_address>0x2360</run_address>
         <size>0x0</size>
      </object_component>
      <object_component id="oc-5d4">
         <name>.text:_isr:USCI_A0_ISR</name>
         <load_address>0x4538</load_address>
         <run_address>0x4538</run_address>
         <size>0x1e</size>
         <input_file_ref idref="fl-1"/>
      </object_component>
      <object_component id="oc-5e6">
         <name>.text:_isr:_c_int00_noinit_noargs</name>
         <load_address>0x4556</load_address>
         <run_address>0x4556</run_address>
         <size>0x14</size>
         <input_file_ref idref="fl-4c"/>
      </object_component>
      <object_component id="oc-5cf">
         <name>.text:_isr:__TI_ISR_TRAP</name>
         <load_address>0x456a</load_address>
         <run_address>0x456a</run_address>
         <size>0x8</size>
         <input_file_ref idref="fl-2b"/>
      </object_component>
      <object_component id="oc-66a">
         <name>.text:min_hw_init$0</name>
         <load_address>0x4404</load_address>
         <run_address>0x4404</run_address>
         <size>0xba</size>
         <input_file_ref idref="fl-1"/>
      </object_component>
      <object_component id="oc-643">
         <name>.text:main</name>
         <load_address>0x44be</load_address>
         <run_address>0x44be</run_address>
         <size>0x70</size>
         <input_file_ref idref="fl-1"/>
      </object_component>
      <object_component id="oc-672">
         <name>.text:abort</name>
         <load_address>0x452e</load_address>
         <run_address>0x452e</run_address>
         <size>0x6</size>
         <input_file_ref idref="fl-54"/>
      </object_component>
      <object_component id="oc-63d">
         <name>.text:_system_pre_init</name>
         <load_address>0x4534</load_address>
         <run_address>0x4534</run_address>
         <size>0x4</size>
         <input_file_ref idref="fl-51"/>
      </object_component>
      <object_component id="oc-670">
         <name>.const:.string</name>
         <load_address>0x10000</load_address>
         <run_address>0x10000</run_address>
         <size>0x14</size>
         <input_file_ref idref="fl-59"/>
      </object_component>
      <object_component id="oc-70">
         <name>.int27</name>
         <load_address>0xefc6</load_address>
         <run_address>0xefc6</run_address>
         <size>0x2</size>
         <input_file_ref idref="fl-2a"/>
      </object_component>
      <object_component id="oc-71">
         <name>.int28</name>
         <load_address>0xefc8</load_address>
         <run_address>0xefc8</run_address>
         <size>0x2</size>
         <input_file_ref idref="fl-2c"/>
      </object_component>
      <object_component id="oc-72">
         <name>.int29</name>
         <load_address>0xefca</load_address>
         <run_address>0xefca</run_address>
         <size>0x2</size>
         <input_file_ref idref="fl-2d"/>
      </object_component>
      <object_component id="oc-73">
         <name>.int30</name>
         <load_address>0xefcc</load_address>
         <run_address>0xefcc</run_address>
         <size>0x2</size>
         <input_file_ref idref="fl-2e"/>
      </object_component>
      <object_component id="oc-74">
         <name>.int31</name>
         <load_address>0xefce</load_address>
         <run_address>0xefce</run_address>
         <size>0x2</size>
         <input_file_ref idref="fl-2f"/>
      </object_component>
      <object_component id="oc-75">
         <name>.int32</name>
         <load_address>0xefd0</load_address>
         <run_address>0xefd0</run_address>
         <size>0x2</size>
         <input_file_ref idref="fl-30"/>
      </object_component>
      <object_component id="oc-76">
         <name>.int33</name>
         <load_address>0xefd2</load_address>
         <run_address>0xefd2</run_address>
         <size>0x2</size>
         <input_file_ref idref="fl-31"/>
      </object_component>
      <object_component id="oc-77">
         <name>.int34</name>
         <load_address>0xefd4</load_address>
         <run_address>0xefd4</run_address>
         <size>0x2</size>
         <input_file_ref idref="fl-32"/>
      </object_component>
      <object_component id="oc-78">
         <name>.int35</name>
         <load_address>0xefd6</load_address>
         <run_address>0xefd6</run_address>
         <size>0x2</size>
         <input_file_ref idref="fl-33"/>
      </object_component>
      <object_component id="oc-79">
         <name>.int36</name>
         <load_address>0xefd8</load_address>
         <run_address>0xefd8</run_address>
         <size>0x2</size>
         <input_file_ref idref="fl-34"/>
      </object_component>
      <object_component id="oc-7a">
         <name>.int37</name>
         <load_address>0xefda</load_address>
         <run_address>0xefda</run_address>
         <size>0x2</size>
         <input_file_ref idref="fl-35"/>
      </object_component>
      <object_component id="oc-7b">
         <name>.int38</name>
         <load_address>0xefdc</load_address>
         <run_address>0xefdc</run_address>
         <size>0x2</size>
         <input_file_ref idref="fl-36"/>
      </object_component>
      <object_component id="oc-7c">
         <name>.int39</name>
         <load_address>0xefde</load_address>
         <run_address>0xefde</run_address>
         <size>0x2</size>
         <input_file_ref idref="fl-37"/>
      </object_component>
      <object_component id="oc-7d">
         <name>.int40</name>
         <load_address>0xefe0</load_address>
         <run_address>0xefe0</run_address>
         <size>0x2</size>
         <input_file_ref idref="fl-38"/>
      </object_component>
      <object_component id="oc-7e">
         <name>.int41</name>
         <load_address>0xefe2</load_address>
         <run_address>0xefe2</run_address>
         <size>0x2</size>
         <input_file_ref idref="fl-39"/>
      </object_component>
      <object_component id="oc-7f">
         <name>.int42</name>
         <load_address>0xefe4</load_address>
         <run_address>0xefe4</run_address>
         <size>0x2</size>
         <input_file_ref idref="fl-3a"/>
      </object_component>
      <object_component id="oc-80">
         <name>.int43</name>
         <load_address>0xefe6</load_address>
         <run_address>0xefe6</run_address>
         <size>0x2</size>
         <input_file_ref idref="fl-3b"/>
      </object_component>
      <object_component id="oc-81">
         <name>.int44</name>
         <load_address>0xefe8</load_address>
         <run_address>0xefe8</run_address>
         <size>0x2</size>
         <input_file_ref idref="fl-3c"/>
      </object_component>
      <object_component id="oc-82">
         <name>.int45</name>
         <load_address>0xefea</load_address>
         <run_address>0xefea</run_address>
         <size>0x2</size>
         <input_file_ref idref="fl-3d"/>
      </object_component>
      <object_component id="oc-83">
         <name>.int46</name>
         <load_address>0xefec</load_address>
         <run_address>0xefec</run_address>
         <size>0x2</size>
         <input_file_ref idref="fl-3e"/>
      </object_component>
      <object_component id="oc-84">
         <name>.int47</name>
         <load_address>0xefee</load_address>
         <run_address>0xefee</run_address>
         <size>0x2</size>
         <input_file_ref idref="fl-59"/>
      </object_component>
      <object_component id="oc-85">
         <name>.int48</name>
         <load_address>0xeff0</load_address>
         <run_address>0xeff0</run_address>
         <size>0x2</size>
         <input_file_ref idref="fl-3f"/>
      </object_component>
      <object_component id="oc-86">
         <name>.int49</name>
         <load_address>0xeff2</load_address>
         <run_address>0xeff2</run_address>
         <size>0x2</size>
         <input_file_ref idref="fl-40"/>
      </object_component>
      <object_component id="oc-87">
         <name>.int50</name>
         <load_address>0xeff4</load_address>
         <run_address>0xeff4</run_address>
         <size>0x2</size>
         <input_file_ref idref="fl-41"/>
      </object_component>
      <object_component id="oc-88">
         <name>.int51</name>
         <load_address>0xeff6</load_address>
         <run_address>0xeff6</run_address>
         <size>0x2</size>
         <input_file_ref idref="fl-42"/>
      </object_component>
      <object_component id="oc-89">
         <name>.int52</name>
         <load_address>0xeff8</load_address>
         <run_address>0xeff8</run_address>
         <size>0x2</size>
         <input_file_ref idref="fl-43"/>
      </object_component>
      <object_component id="oc-8a">
         <name>.int53</name>
         <load_address>0xeffa</load_address>
         <run_address>0xeffa</run_address>
         <size>0x2</size>
         <input_file_ref idref="fl-44"/>
      </object_component>
      <object_component id="oc-8b">
         <name>.int54</name>
         <load_address>0xeffc</load_address>
         <run_address>0xeffc</run_address>
         <size>0x2</size>
         <input_file_ref idref="fl-45"/>
      </object_component>
      <object_component id="oc-5b6">
         <name>.reset</name>
         <load_address>0xeffe</load_address>
         <run_address>0xeffe</run_address>
         <size>0x2</size>
         <input_file_ref idref="fl-4c"/>
      </object_component>
      <object_component id="oc-5d0">
         <name>.debug_info</name>
         <load_address>0x0</load_address>
         <run_address>0x0</run_address>
         <size>0x107</size>
         <input_file_ref idref="fl-2b"/>
      </object_component>
      <object_component id="oc-5b4">
         <name>.debug_info</name>
         <load_address>0x107</load_address>
         <run_address>0x107</run_address>
         <size>0xf5</size>
         <input_file_ref idref="fl-4c"/>
      </object_component>
      <object_component id="oc-5e7">
         <name>.debug_info</name>
         <load_address>0x1fc</load_address>
         <run_address>0x1fc</run_address>
         <size>0x16c</size>
         <input_file_ref idref="fl-4c"/>
      </object_component>
      <object_component id="oc-673">
         <name>.debug_info</name>
         <load_address>0x368</load_address>
         <run_address>0x368</run_address>
         <size>0x117</size>
         <input_file_ref idref="fl-54"/>
      </object_component>
      <object_component id="oc-5ce">
         <name>.debug_info</name>
         <load_address>0x47f</load_address>
         <run_address>0x47f</run_address>
         <size>0xa47</size>
         <input_file_ref idref="fl-59"/>
      </object_component>
      <object_component id="oc-66b">
         <name>.debug_info</name>
         <load_address>0xec6</load_address>
         <run_address>0xec6</run_address>
         <size>0xf5</size>
         <input_file_ref idref="fl-59"/>
      </object_component>
      <object_component id="oc-644">
         <name>.debug_info</name>
         <load_address>0xfbb</load_address>
         <run_address>0xfbb</run_address>
         <size>0x120</size>
         <input_file_ref idref="fl-59"/>
      </object_component>
      <object_component id="oc-63e">
         <name>.debug_info</name>
         <load_address>0x10db</load_address>
         <run_address>0x10db</run_address>
         <size>0x104</size>
         <input_file_ref idref="fl-59"/>
      </object_component>
      <object_component id="oc-5d5">
         <name>.debug_info</name>
         <load_address>0x11df</load_address>
         <run_address>0x11df</run_address>
         <size>0x105</size>
         <input_file_ref idref="fl-59"/>
      </object_component>
      <object_component id="oc-62a">
         <name>.debug_info</name>
         <load_address>0x12e4</load_address>
         <run_address>0x12e4</run_address>
         <size>0x26b</size>
         <input_file_ref idref="fl-59"/>
      </object_component>
      <object_component id="oc-5c2">
         <name>.debug_info</name>
         <load_address>0x154f</load_address>
         <run_address>0x154f</run_address>
         <size>0x84</size>
         <input_file_ref idref="fl-59"/>
      </object_component>
      <object_component id="oc-625">
         <name>.debug_info</name>
         <load_address>0x15d3</load_address>
         <run_address>0x15d3</run_address>
         <size>0x2c</size>
         <input_file_ref idref="fl-59"/>
      </object_component>
      <object_component id="oc-664">
         <name>.debug_info</name>
         <load_address>0x15ff</load_address>
         <run_address>0x15ff</run_address>
         <size>0x24e</size>
         <input_file_ref idref="fl-59"/>
      </object_component>
      <object_component id="oc-634">
         <name>.debug_info</name>
         <load_address>0x184d</load_address>
         <run_address>0x184d</run_address>
         <size>0xbb</size>
         <input_file_ref idref="fl-59"/>
      </object_component>
      <object_component id="oc-5b8">
         <name>.debug_info</name>
         <load_address>0x1908</load_address>
         <run_address>0x1908</run_address>
         <size>0x46</size>
         <input_file_ref idref="fl-59"/>
      </object_component>
      <object_component id="oc-65f">
         <name>.debug_info</name>
         <load_address>0x194e</load_address>
         <run_address>0x194e</run_address>
         <size>0x46</size>
         <input_file_ref idref="fl-59"/>
      </object_component>
      <object_component id="oc-61e">
         <name>.debug_info</name>
         <load_address>0x1994</load_address>
         <run_address>0x1994</run_address>
         <size>0x2c</size>
         <input_file_ref idref="fl-59"/>
      </object_component>
      <object_component id="oc-62f">
         <name>.debug_info</name>
         <load_address>0x19c0</load_address>
         <run_address>0x19c0</run_address>
         <size>0xcd</size>
         <input_file_ref idref="fl-59"/>
      </object_component>
      <object_component id="oc-76b">
         <name>.debug_info</name>
         <load_address>0x1a8d</load_address>
         <run_address>0x1a8d</run_address>
         <size>0xa0</size>
      </object_component>
      <object_component id="oc-5d3">
         <name>.debug_line</name>
         <load_address>0x0</load_address>
         <run_address>0x0</run_address>
         <size>0x3d</size>
         <input_file_ref idref="fl-2b"/>
      </object_component>
      <object_component id="oc-617">
         <name>.debug_line</name>
         <load_address>0x3d</load_address>
         <run_address>0x3d</run_address>
         <size>0x2a</size>
         <input_file_ref idref="fl-4c"/>
      </object_component>
      <object_component id="oc-5ea">
         <name>.debug_line</name>
         <load_address>0x67</load_address>
         <run_address>0x67</run_address>
         <size>0x43</size>
         <input_file_ref idref="fl-4c"/>
      </object_component>
      <object_component id="oc-676">
         <name>.debug_line</name>
         <load_address>0xaa</load_address>
         <run_address>0xaa</run_address>
         <size>0x3d</size>
         <input_file_ref idref="fl-54"/>
      </object_component>
      <object_component id="oc-624">
         <name>.debug_line</name>
         <load_address>0xe7</load_address>
         <run_address>0xe7</run_address>
         <size>0xa4</size>
         <input_file_ref idref="fl-59"/>
      </object_component>
      <object_component id="oc-66e">
         <name>.debug_line</name>
         <load_address>0x18b</load_address>
         <run_address>0x18b</run_address>
         <size>0x6a</size>
         <input_file_ref idref="fl-59"/>
      </object_component>
      <object_component id="oc-647">
         <name>.debug_line</name>
         <load_address>0x1f5</load_address>
         <run_address>0x1f5</run_address>
         <size>0x71</size>
         <input_file_ref idref="fl-59"/>
      </object_component>
      <object_component id="oc-641">
         <name>.debug_line</name>
         <load_address>0x266</load_address>
         <run_address>0x266</run_address>
         <size>0x3e</size>
         <input_file_ref idref="fl-59"/>
      </object_component>
      <object_component id="oc-5d8">
         <name>.debug_line</name>
         <load_address>0x2a4</load_address>
         <run_address>0x2a4</run_address>
         <size>0x45</size>
         <input_file_ref idref="fl-59"/>
      </object_component>
      <object_component id="oc-62d">
         <name>.debug_line</name>
         <load_address>0x2e9</load_address>
         <run_address>0x2e9</run_address>
         <size>0x72</size>
         <input_file_ref idref="fl-59"/>
      </object_component>
      <object_component id="oc-5c5">
         <name>.debug_line</name>
         <load_address>0x35b</load_address>
         <run_address>0x35b</run_address>
         <size>0x20</size>
         <input_file_ref idref="fl-59"/>
      </object_component>
      <object_component id="oc-628">
         <name>.debug_line</name>
         <load_address>0x37b</load_address>
         <run_address>0x37b</run_address>
         <size>0x2e</size>
         <input_file_ref idref="fl-59"/>
      </object_component>
      <object_component id="oc-667">
         <name>.debug_line</name>
         <load_address>0x3a9</load_address>
         <run_address>0x3a9</run_address>
         <size>0x76</size>
         <input_file_ref idref="fl-59"/>
      </object_component>
      <object_component id="oc-637">
         <name>.debug_line</name>
         <load_address>0x41f</load_address>
         <run_address>0x41f</run_address>
         <size>0x73</size>
         <input_file_ref idref="fl-59"/>
      </object_component>
      <object_component id="oc-5bb">
         <name>.debug_line</name>
         <load_address>0x492</load_address>
         <run_address>0x492</run_address>
         <size>0x34</size>
         <input_file_ref idref="fl-59"/>
      </object_component>
      <object_component id="oc-662">
         <name>.debug_line</name>
         <load_address>0x4c6</load_address>
         <run_address>0x4c6</run_address>
         <size>0x92</size>
         <input_file_ref idref="fl-59"/>
      </object_component>
      <object_component id="oc-621">
         <name>.debug_line</name>
         <load_address>0x558</load_address>
         <run_address>0x558</run_address>
         <size>0x8a</size>
         <input_file_ref idref="fl-59"/>
      </object_component>
      <object_component id="oc-632">
         <name>.debug_line</name>
         <load_address>0x5e2</load_address>
         <run_address>0x5e2</run_address>
         <size>0x8b</size>
         <input_file_ref idref="fl-59"/>
      </object_component>
      <object_component id="oc-639">
         <name>.debug_abbrev</name>
         <load_address>0x0</load_address>
         <run_address>0x0</run_address>
         <size>0x28</size>
         <input_file_ref idref="fl-2b"/>
      </object_component>
      <object_component id="oc-616">
         <name>.debug_abbrev</name>
         <load_address>0x28</load_address>
         <run_address>0x28</run_address>
         <size>0x29</size>
         <input_file_ref idref="fl-4c"/>
      </object_component>
      <object_component id="oc-64a">
         <name>.debug_abbrev</name>
         <load_address>0x51</load_address>
         <run_address>0x51</run_address>
         <size>0x58</size>
         <input_file_ref idref="fl-4c"/>
      </object_component>
      <object_component id="oc-6b2">
         <name>.debug_abbrev</name>
         <load_address>0xa9</load_address>
         <run_address>0xa9</run_address>
         <size>0x45</size>
         <input_file_ref idref="fl-54"/>
      </object_component>
      <object_component id="oc-623">
         <name>.debug_abbrev</name>
         <load_address>0xee</load_address>
         <run_address>0xee</run_address>
         <size>0x139</size>
         <input_file_ref idref="fl-59"/>
      </object_component>
      <object_component id="oc-6b1">
         <name>.debug_abbrev</name>
         <load_address>0x227</load_address>
         <run_address>0x227</run_address>
         <size>0x4c</size>
         <input_file_ref idref="fl-59"/>
      </object_component>
      <object_component id="oc-671">
         <name>.debug_abbrev</name>
         <load_address>0x273</load_address>
         <run_address>0x273</run_address>
         <size>0x6c</size>
         <input_file_ref idref="fl-59"/>
      </object_component>
      <object_component id="oc-669">
         <name>.debug_abbrev</name>
         <load_address>0x2df</load_address>
         <run_address>0x2df</run_address>
         <size>0x50</size>
         <input_file_ref idref="fl-59"/>
      </object_component>
      <object_component id="oc-63a">
         <name>.debug_abbrev</name>
         <load_address>0x32f</load_address>
         <run_address>0x32f</run_address>
         <size>0x5f</size>
         <input_file_ref idref="fl-59"/>
      </object_component>
      <object_component id="oc-62c">
         <name>.debug_abbrev</name>
         <load_address>0x38e</load_address>
         <run_address>0x38e</run_address>
         <size>0x69</size>
         <input_file_ref idref="fl-59"/>
      </object_component>
      <object_component id="oc-5c4">
         <name>.debug_abbrev</name>
         <load_address>0x3f7</load_address>
         <run_address>0x3f7</run_address>
         <size>0x1f</size>
         <input_file_ref idref="fl-59"/>
      </object_component>
      <object_component id="oc-627">
         <name>.debug_abbrev</name>
         <load_address>0x416</load_address>
         <run_address>0x416</run_address>
         <size>0x24</size>
         <input_file_ref idref="fl-59"/>
      </object_component>
      <object_component id="oc-666">
         <name>.debug_abbrev</name>
         <load_address>0x43a</load_address>
         <run_address>0x43a</run_address>
         <size>0x35</size>
         <input_file_ref idref="fl-59"/>
      </object_component>
      <object_component id="oc-636">
         <name>.debug_abbrev</name>
         <load_address>0x46f</load_address>
         <run_address>0x46f</run_address>
         <size>0x24</size>
         <input_file_ref idref="fl-59"/>
      </object_component>
      <object_component id="oc-5ba">
         <name>.debug_abbrev</name>
         <load_address>0x493</load_address>
         <run_address>0x493</run_address>
         <size>0x24</size>
         <input_file_ref idref="fl-59"/>
      </object_component>
      <object_component id="oc-661">
         <name>.debug_abbrev</name>
         <load_address>0x4b7</load_address>
         <run_address>0x4b7</run_address>
         <size>0x35</size>
         <input_file_ref idref="fl-59"/>
      </object_component>
      <object_component id="oc-620">
         <name>.debug_abbrev</name>
         <load_address>0x4ec</load_address>
         <run_address>0x4ec</run_address>
         <size>0x24</size>
         <input_file_ref idref="fl-59"/>
      </object_component>
      <object_component id="oc-631">
         <name>.debug_abbrev</name>
         <load_address>0x510</load_address>
         <run_address>0x510</run_address>
         <size>0x4b</size>
         <input_file_ref idref="fl-59"/>
      </object_component>
      <object_component id="oc-76c">
         <name>.debug_abbrev</name>
         <load_address>0x55b</load_address>
         <run_address>0x55b</run_address>
         <size>0xf</size>
      </object_component>
      <object_component id="oc-5d1">
         <name>.debug_aranges</name>
         <load_address>0x0</load_address>
         <run_address>0x0</run_address>
         <size>0x20</size>
         <input_file_ref idref="fl-2b"/>
      </object_component>
      <object_component id="oc-5e8">
         <name>.debug_aranges</name>
         <load_address>0x20</load_address>
         <run_address>0x20</run_address>
         <size>0x20</size>
         <input_file_ref idref="fl-4c"/>
      </object_component>
      <object_component id="oc-674">
         <name>.debug_aranges</name>
         <load_address>0x40</load_address>
         <run_address>0x40</run_address>
         <size>0x20</size>
         <input_file_ref idref="fl-54"/>
      </object_component>
      <object_component id="oc-66c">
         <name>.debug_aranges</name>
         <load_address>0x60</load_address>
         <run_address>0x60</run_address>
         <size>0x20</size>
         <input_file_ref idref="fl-59"/>
      </object_component>
      <object_component id="oc-645">
         <name>.debug_aranges</name>
         <load_address>0x80</load_address>
         <run_address>0x80</run_address>
         <size>0x20</size>
         <input_file_ref idref="fl-59"/>
      </object_component>
      <object_component id="oc-63f">
         <name>.debug_aranges</name>
         <load_address>0xa0</load_address>
         <run_address>0xa0</run_address>
         <size>0x20</size>
         <input_file_ref idref="fl-59"/>
      </object_component>
      <object_component id="oc-5d6">
         <name>.debug_aranges</name>
         <load_address>0xc0</load_address>
         <run_address>0xc0</run_address>
         <size>0x20</size>
         <input_file_ref idref="fl-59"/>
      </object_component>
      <object_component id="oc-5d2">
         <name>.debug_pubnames</name>
         <load_address>0x0</load_address>
         <run_address>0x0</run_address>
         <size>0x2b</size>
         <input_file_ref idref="fl-2b"/>
      </object_component>
      <object_component id="oc-5b5">
         <name>.debug_pubnames</name>
         <load_address>0x2b</load_address>
         <run_address>0x2b</run_address>
         <size>0x1d</size>
         <input_file_ref idref="fl-4c"/>
      </object_component>
      <object_component id="oc-5e9">
         <name>.debug_pubnames</name>
         <load_address>0x48</load_address>
         <run_address>0x48</run_address>
         <size>0x2d</size>
         <input_file_ref idref="fl-4c"/>
      </object_component>
      <object_component id="oc-675">
         <name>.debug_pubnames</name>
         <load_address>0x75</load_address>
         <run_address>0x75</run_address>
         <size>0x1c</size>
         <input_file_ref idref="fl-54"/>
      </object_component>
      <object_component id="oc-66d">
         <name>.debug_pubnames</name>
         <load_address>0x91</load_address>
         <run_address>0x91</run_address>
         <size>0x22</size>
         <input_file_ref idref="fl-59"/>
      </object_component>
      <object_component id="oc-646">
         <name>.debug_pubnames</name>
         <load_address>0xb3</load_address>
         <run_address>0xb3</run_address>
         <size>0x1b</size>
         <input_file_ref idref="fl-59"/>
      </object_component>
      <object_component id="oc-640">
         <name>.debug_pubnames</name>
         <load_address>0xce</load_address>
         <run_address>0xce</run_address>
         <size>0x27</size>
         <input_file_ref idref="fl-59"/>
      </object_component>
      <object_component id="oc-5d7">
         <name>.debug_pubnames</name>
         <load_address>0xf5</load_address>
         <run_address>0xf5</run_address>
         <size>0x22</size>
         <input_file_ref idref="fl-59"/>
      </object_component>
      <object_component id="oc-5eb">
         <name>.debug_frame</name>
         <load_address>0x0</load_address>
         <run_address>0x0</run_address>
         <size>0x34</size>
         <input_file_ref idref="fl-4c"/>
      </object_component>
      <object_component id="oc-677">
         <name>.debug_frame</name>
         <load_address>0x34</load_address>
         <run_address>0x34</run_address>
         <size>0x3c</size>
         <input_file_ref idref="fl-54"/>
      </object_component>
      <object_component id="oc-66f">
         <name>.debug_frame</name>
         <load_address>0x70</load_address>
         <run_address>0x70</run_address>
         <size>0x40</size>
         <input_file_ref idref="fl-59"/>
      </object_component>
      <object_component id="oc-648">
         <name>.debug_frame</name>
         <load_address>0xb0</load_address>
         <run_address>0xb0</run_address>
         <size>0x3c</size>
         <input_file_ref idref="fl-59"/>
      </object_component>
      <object_component id="oc-642">
         <name>.debug_frame</name>
         <load_address>0xec</load_address>
         <run_address>0xec</run_address>
         <size>0x3c</size>
         <input_file_ref idref="fl-59"/>
      </object_component>
      <object_component id="oc-5d9">
         <name>.debug_frame</name>
         <load_address>0x128</load_address>
         <run_address>0x128</run_address>
         <size>0x44</size>
         <input_file_ref idref="fl-59"/>
      </object_component>
      <object_component id="oc-62e">
         <name>.debug_str</name>
         <load_address>0x0</load_address>
         <run_address>0x0</run_address>
         <size>0x2b1</size>
         <input_file_ref idref="fl-59"/>
      </object_component>
      <object_component id="oc-5c6">
         <name>.debug_str</name>
         <load_address>0x2b1</load_address>
         <run_address>0x2b1</run_address>
         <size>0xfc</size>
         <input_file_ref idref="fl-59"/>
      </object_component>
      <object_component id="oc-629">
         <name>.debug_str</name>
         <load_address>0x3ad</load_address>
         <run_address>0x3ad</run_address>
         <size>0xa9</size>
         <input_file_ref idref="fl-59"/>
      </object_component>
      <object_component id="oc-668">
         <name>.debug_str</name>
         <load_address>0x456</load_address>
         <run_address>0x456</run_address>
         <size>0x305</size>
         <input_file_ref idref="fl-59"/>
      </object_component>
      <object_component id="oc-638">
         <name>.debug_str</name>
         <load_address>0x75b</load_address>
         <run_address>0x75b</run_address>
         <size>0x149</size>
         <input_file_ref idref="fl-59"/>
      </object_component>
      <object_component id="oc-5bc">
         <name>.debug_str</name>
         <load_address>0x8a4</load_address>
         <run_address>0x8a4</run_address>
         <size>0xcc</size>
         <input_file_ref idref="fl-59"/>
      </object_component>
      <object_component id="oc-663">
         <name>.debug_str</name>
         <load_address>0x970</load_address>
         <run_address>0x970</run_address>
         <size>0x12a</size>
         <input_file_ref idref="fl-59"/>
      </object_component>
      <object_component id="oc-622">
         <name>.debug_str</name>
         <load_address>0xa9a</load_address>
         <run_address>0xa9a</run_address>
         <size>0xff</size>
         <input_file_ref idref="fl-59"/>
      </object_component>
      <object_component id="oc-633">
         <name>.debug_str</name>
         <load_address>0xb99</load_address>
         <run_address>0xb99</run_address>
         <size>0x156</size>
         <input_file_ref idref="fl-59"/>
      </object_component>
      <object_component id="oc-62b">
         <name>.debug_pubtypes</name>
         <load_address>0x0</load_address>
         <run_address>0x0</run_address>
         <size>0x25c</size>
         <input_file_ref idref="fl-59"/>
      </object_component>
      <object_component id="oc-5c3">
         <name>.debug_pubtypes</name>
         <load_address>0x25c</load_address>
         <run_address>0x25c</run_address>
         <size>0xed</size>
         <input_file_ref idref="fl-59"/>
      </object_component>
      <object_component id="oc-626">
         <name>.debug_pubtypes</name>
         <load_address>0x349</load_address>
         <run_address>0x349</run_address>
         <size>0x23</size>
         <input_file_ref idref="fl-59"/>
      </object_component>
      <object_component id="oc-665">
         <name>.debug_pubtypes</name>
         <load_address>0x36c</load_address>
         <run_address>0x36c</run_address>
         <size>0x2df</size>
         <input_file_ref idref="fl-59"/>
      </object_component>
      <object_component id="oc-635">
         <name>.debug_pubtypes</name>
         <load_address>0x64b</load_address>
         <run_address>0x64b</run_address>
         <size>0xaa</size>
         <input_file_ref idref="fl-59"/>
      </object_component>
      <object_component id="oc-5b9">
         <name>.debug_pubtypes</name>
         <load_address>0x6f5</load_address>
         <run_address>0x6f5</run_address>
         <size>0x48</size>
         <input_file_ref idref="fl-59"/>
      </object_component>
      <object_component id="oc-660">
         <name>.debug_pubtypes</name>
         <load_address>0x73d</load_address>
         <run_address>0x73d</run_address>
         <size>0x48</size>
         <input_file_ref idref="fl-59"/>
      </object_component>
      <object_component id="oc-61f">
         <name>.debug_pubtypes</name>
         <load_address>0x785</load_address>
         <run_address>0x785</run_address>
         <size>0x1d</size>
         <input_file_ref idref="fl-59"/>
      </object_component>
      <object_component id="oc-630">
         <name>.debug_pubtypes</name>
         <load_address>0x7a2</load_address>
         <run_address>0x7a2</run_address>
         <size>0x50</size>
         <input_file_ref idref="fl-59"/>
      </object_component>
   </object_component_list>
   <logical_group_list>
      <logical_group id="lg-2" display="no" color="cyan">
         <name>.bss</name>
         <run_address>0x0</run_address>
         <size>0x0</size>
         <contents>
         </contents>
      </logical_group>
      <logical_group id="lg-3" display="no" color="cyan">
         <name>.data</name>
         <run_address>0x0</run_address>
         <size>0x0</size>
         <contents>
         </contents>
      </logical_group>
      <logical_group id="lg-4" display="no" color="cyan">
         <name>.sysmem</name>
         <run_address>0x0</run_address>
         <size>0x0</size>
         <contents>
         </contents>
      </logical_group>
      <logical_group id="lg-5" display="no" color="cyan">
         <name>.stack</name>
         <run_address>0x2360</run_address>
         <size>0xa0</size>
         <contents>
            <object_component_ref idref="oc-5b3"/>
            <object_component_ref idref="oc-768"/>
         </contents>
      </logical_group>
      <logical_group id="lg-6" display="no" color="cyan">
         <name>.text:_isr</name>
         <load_address>0x4538</load_address>
         <run_address>0x4538</run_address>
         <size>0x3a</size>
         <contents>
            <object_component_ref idref="oc-5d4"/>
            <object_component_ref idref="oc-5e6"/>
            <object_component_ref idref="oc-5cf"/>
         </contents>
      </logical_group>
      <logical_group id="lg-9" display="no" color="cyan">
         <name>.TI.persistent</name>
         <run_address>0x4800</run_address>
         <size>0x0</size>
         <contents>
         </contents>
      </logical_group>
      <logical_group id="lg-a" display="no" color="cyan">
         <name>.TI.noinit</name>
         <run_address>0x4800</run_address>
         <size>0x0</size>
         <contents>
         </contents>
      </logical_group>
      <logical_group id="lg-8" display="no" color="cyan">
         <name>READ_WRITE_MEMORY</name>
         <run_address>0x4800</run_address>
         <size>0x0</size>
         <contents>
            <logical_group_ref idref="lg-9"/>
            <logical_group_ref idref="lg-a"/>
         </contents>
      </logical_group>
      <logical_group id="lg-7" display="no" color="cyan">
         <name>RW_IPE</name>
         <run_address>0x4800</run_address>
         <size>0x0</size>
         <contents>
            <logical_group_ref idref="lg-8"/>
         </contents>
      </logical_group>
      <logical_group id="lg-769" display="no" color="cyan">
         <name>.text</name>
         <load_address>0x4404</load_address>
         <run_address>0x4404</run_address>
         <size>0x134</size>
         <contents>
            <object_component_ref idref="oc-66a"/>
            <object_component_ref idref="oc-643"/>
            <object_component_ref idref="oc-672"/>
            <object_component_ref idref="oc-63d"/>
         </contents>
      </logical_group>
      <split_section id="lg-b" display="no" color="cyan">
         <name>.text</name>
         <contents>
            <logical_group_ref idref="lg-769"/>
         </contents>
      </split_section>
      <logical_group id="lg-c" display="no" color="cyan">
         <name>.cinit</name>
         <run_address>0x0</run_address>
         <size>0x0</size>
         <contents>
         </contents>
      </logical_group>
      <logical_group id="lg-76a" display="no" color="cyan">
         <name>.const</name>
         <load_address>0x10000</load_address>
         <run_address>0x10000</run_address>
         <size>0x14</size>
         <contents>
            <object_component_ref idref="oc-670"/>
         </contents>
      </logical_group>
      <split_section id="lg-d" display="no" color="cyan">
         <name>.const</name>
         <contents>
            <logical_group_ref idref="lg-76a"/>
         </contents>
      </split_section>
      <logical_group id="lg-e" display="no" color="cyan">
         <name>.cio</name>
         <run_address>0x0</run_address>
         <size>0x0</size>
         <contents>
         </contents>
      </logical_group>
      <logical_group id="lg-f" display="no" color="cyan">
         <name>.int00</name>
         <run_address>0x0</run_address>
         <size>0x0</size>
         <contents>
         </contents>
      </logical_group>
      <logical_group id="lg-10" display="no" color="cyan">
         <name>.int01</name>
         <run_address>0x0</run_address>
         <size>0x0</size>
         <contents>
         </contents>
      </logical_group>
      <logical_group id="lg-11" display="no" color="cyan">
         <name>.int02</name>
         <run_address>0x0</run_address>
         <size>0x0</size>
         <contents>
         </contents>
      </logical_group>
      <logical_group id="lg-12" display="no" color="cyan">
         <name>.int03</name>
         <run_address>0x0</run_address>
         <size>0x0</size>
         <contents>
         </contents>
      </logical_group>
      <logical_group id="lg-13" display="no" color="cyan">
         <name>.int04</name>
         <run_address>0x0</run_address>
         <size>0x0</size>
         <contents>
         </contents>
      </logical_group>
      <logical_group id="lg-14" display="no" color="cyan">
         <name>.int05</name>
         <run_address>0x0</run_address>
         <size>0x0</size>
         <contents>
         </contents>
      </logical_group>
      <logical_group id="lg-15" display="no" color="cyan">
         <name>.int06</name>
         <run_address>0x0</run_address>
         <size>0x0</size>
         <contents>
         </contents>
      </logical_group>
      <logical_group id="lg-16" display="no" color="cyan">
         <name>.int07</name>
         <run_address>0x0</run_address>
         <size>0x0</size>
         <contents>
         </contents>
      </logical_group>
      <logical_group id="lg-17" display="no" color="cyan">
         <name>.int08</name>
         <run_address>0x0</run_address>
         <size>0x0</size>
         <contents>
         </contents>
      </logical_group>
      <logical_group id="lg-18" display="no" color="cyan">
         <name>.int09</name>
         <run_address>0x0</run_address>
         <size>0x0</size>
         <contents>
         </contents>
      </logical_group>
      <logical_group id="lg-19" display="no" color="cyan">
         <name>.int10</name>
         <run_address>0x0</run_address>
         <size>0x0</size>
         <contents>
         </contents>
      </logical_group>
      <logical_group id="lg-1a" display="no" color="cyan">
         <name>.int11</name>
         <run_address>0x0</run_address>
         <size>0x0</size>
         <contents>
         </contents>
      </logical_group>
      <logical_group id="lg-1b" display="no" color="cyan">
         <name>.int12</name>
         <run_address>0x0</run_address>
         <size>0x0</size>
         <contents>
         </contents>
      </logical_group>
      <logical_group id="lg-1c" display="no" color="cyan">
         <name>.int13</name>
         <run_address>0x0</run_address>
         <size>0x0</size>
         <contents>
         </contents>
      </logical_group>
      <logical_group id="lg-1d" display="no" color="cyan">
         <name>.int14</name>
         <run_address>0x0</run_address>
         <size>0x0</size>
         <contents>
         </contents>
      </logical_group>
      <logical_group id="lg-1e" display="no" color="cyan">
         <name>.int15</name>
         <run_address>0x0</run_address>
         <size>0x0</size>
         <contents>
         </contents>
      </logical_group>
      <logical_group id="lg-1f" display="no" color="cyan">
         <name>.int16</name>
         <run_address>0x0</run_address>
         <size>0x0</size>
         <contents>
         </contents>
      </logical_group>
      <logical_group id="lg-20" display="no" color="cyan">
         <name>.int17</name>
         <run_address>0x0</run_address>
         <size>0x0</size>
         <contents>
         </contents>
      </logical_group>
      <logical_group id="lg-21" display="no" color="cyan">
         <name>.int18</name>
         <run_address>0x0</run_address>
         <size>0x0</size>
         <contents>
         </contents>
      </logical_group>
      <logical_group id="lg-22" display="no" color="cyan">
         <name>.int19</name>
         <run_address>0x0</run_address>
         <size>0x0</size>
         <contents>
         </contents>
      </logical_group>
      <logical_group id="lg-23" display="no" color="cyan">
         <name>.int20</name>
         <run_address>0x0</run_address>
         <size>0x0</size>
         <contents>
         </contents>
      </logical_group>
      <logical_group id="lg-24" display="no" color="cyan">
         <name>.int21</name>
         <run_address>0x0</run_address>
         <size>0x0</size>
         <contents>
         </contents>
      </logical_group>
      <logical_group id="lg-25" display="no" color="cyan">
         <name>.int22</name>
         <run_address>0x0</run_address>
         <size>0x0</size>
         <contents>
         </contents>
      </logical_group>
      <logical_group id="lg-26" display="no" color="cyan">
         <name>.int23</name>
         <run_address>0x0</run_address>
         <size>0x0</size>
         <contents>
         </contents>
      </logical_group>
      <logical_group id="lg-27" display="no" color="cyan">
         <name>.int24</name>
         <run_address>0x0</run_address>
         <size>0x0</size>
         <contents>
         </contents>
      </logical_group>
      <logical_group id="lg-28" display="no" color="cyan">
         <name>.int25</name>
         <run_address>0x0</run_address>
         <size>0x0</size>
         <contents>
         </contents>
      </logical_group>
      <logical_group id="lg-29" display="no" color="cyan">
         <name>.int26</name>
         <run_address>0x0</run_address>
         <size>0x0</size>
         <contents>
         </contents>
      </logical_group>
      <logical_group id="lg-2a" display="no" color="cyan">
         <name>AES256</name>
         <load_address>0xefc6</load_address>
         <run_address>0xefc6</run_address>
         <size>0x2</size>
         <contents>
            <object_component_ref idref="oc-70"/>
         </contents>
      </logical_group>
      <logical_group id="lg-2c" display="no" color="cyan">
         <name>RTC</name>
         <load_address>0xefc8</load_address>
         <run_address>0xefc8</run_address>
         <size>0x2</size>
         <contents>
            <object_component_ref idref="oc-71"/>
         </contents>
      </logical_group>
      <logical_group id="lg-2e" display="no" color="cyan">
         <name>.init29</name>
         <load_address>0xefca</load_address>
         <run_address>0xefca</run_address>
         <size>0x2</size>
         <contents>
            <object_component_ref idref="oc-72"/>
         </contents>
      </logical_group>
      <logical_group id="lg-30" display="no" color="cyan">
         <name>PORT4</name>
         <load_address>0xefcc</load_address>
         <run_address>0xefcc</run_address>
         <size>0x2</size>
         <contents>
            <object_component_ref idref="oc-73"/>
         </contents>
      </logical_group>
      <logical_group id="lg-32" display="no" color="cyan">
         <name>PORT3</name>
         <load_address>0xefce</load_address>
         <run_address>0xefce</run_address>
         <size>0x2</size>
         <contents>
            <object_component_ref idref="oc-74"/>
         </contents>
      </logical_group>
      <logical_group id="lg-34" display="no" color="cyan">
         <name>TIMER3_A1</name>
         <load_address>0xefd0</load_address>
         <run_address>0xefd0</run_address>
         <size>0x2</size>
         <contents>
            <object_component_ref idref="oc-75"/>
         </contents>
      </logical_group>
      <logical_group id="lg-36" display="no" color="cyan">
         <name>TIMER3_A0</name>
         <load_address>0xefd2</load_address>
         <run_address>0xefd2</run_address>
         <size>0x2</size>
         <contents>
            <object_component_ref idref="oc-76"/>
         </contents>
      </logical_group>
      <logical_group id="lg-38" display="no" color="cyan">
         <name>PORT2</name>
         <load_address>0xefd4</load_address>
         <run_address>0xefd4</run_address>
         <size>0x2</size>
         <contents>
            <object_component_ref idref="oc-77"/>
         </contents>
      </logical_group>
      <logical_group id="lg-3a" display="no" color="cyan">
         <name>TIMER2_A1</name>
         <load_address>0xefd6</load_address>
         <run_address>0xefd6</run_address>
         <size>0x2</size>
         <contents>
            <object_component_ref idref="oc-78"/>
         </contents>
      </logical_group>
      <logical_group id="lg-3c" display="no" color="cyan">
         <name>TIMER2_A0</name>
         <load_address>0xefd8</load_address>
         <run_address>0xefd8</run_address>
         <size>0x2</size>
         <contents>
            <object_component_ref idref="oc-79"/>
         </contents>
      </logical_group>
      <logical_group id="lg-3e" display="no" color="cyan">
         <name>PORT1</name>
         <load_address>0xefda</load_address>
         <run_address>0xefda</run_address>
         <size>0x2</size>
         <contents>
            <object_component_ref idref="oc-7a"/>
         </contents>
      </logical_group>
      <logical_group id="lg-40" display="no" color="cyan">
         <name>TIMER1_A1</name>
         <load_address>0xefdc</load_address>
         <run_address>0xefdc</run_address>
         <size>0x2</size>
         <contents>
            <object_component_ref idref="oc-7b"/>
         </contents>
      </logical_group>
      <logical_group id="lg-42" display="no" color="cyan">
         <name>TIMER1_A0</name>
         <load_address>0xefde</load_address>
         <run_address>0xefde</run_address>
         <size>0x2</size>
         <contents>
            <object_component_ref idref="oc-7c"/>
         </contents>
      </logical_group>
      <logical_group id="lg-44" display="no" color="cyan">
         <name>DMA</name>
         <load_address>0xefe0</load_address>
         <run_address>0xefe0</run_address>
         <size>0x2</size>
         <contents>
            <object_component_ref idref="oc-7d"/>
         </contents>
      </logical_group>
      <logical_group id="lg-46" display="no" color="cyan">
         <name>USCI_B1</name>
         <load_address>0xefe2</load_address>
         <run_address>0xefe2</run_address>
         <size>0x2</size>
         <contents>
            <object_component_ref idref="oc-7e"/>
         </contents>
      </logical_group>
      <logical_group id="lg-48" display="no" color="cyan">
         <name>USCI_A1</name>
         <load_address>0xefe4</load_address>
         <run_address>0xefe4</run_address>
         <size>0x2</size>
         <contents>
            <object_component_ref idref="oc-7f"/>
         </contents>
      </logical_group>
      <logical_group id="lg-4a" display="no" color="cyan">
         <name>TIMER0_A1</name>
         <load_address>0xefe6</load_address>
         <run_address>0xefe6</run_address>
         <size>0x2</size>
         <contents>
            <object_component_ref idref="oc-80"/>
         </contents>
      </logical_group>
      <logical_group id="lg-4c" display="no" color="cyan">
         <name>TIMER0_A0</name>
         <load_address>0xefe8</load_address>
         <run_address>0xefe8</run_address>
         <size>0x2</size>
         <contents>
            <object_component_ref idref="oc-81"/>
         </contents>
      </logical_group>
      <logical_group id="lg-4e" display="no" color="cyan">
         <name>ADC12</name>
         <load_address>0xefea</load_address>
         <run_address>0xefea</run_address>
         <size>0x2</size>
         <contents>
            <object_component_ref idref="oc-82"/>
         </contents>
      </logical_group>
      <logical_group id="lg-50" display="no" color="cyan">
         <name>USCI_B0</name>
         <load_address>0xefec</load_address>
         <run_address>0xefec</run_address>
         <size>0x2</size>
         <contents>
            <object_component_ref idref="oc-83"/>
         </contents>
      </logical_group>
      <logical_group id="lg-52" display="no" color="cyan">
         <name>USCI_A0</name>
         <load_address>0xefee</load_address>
         <run_address>0xefee</run_address>
         <size>0x2</size>
         <contents>
            <object_component_ref idref="oc-84"/>
         </contents>
      </logical_group>
      <logical_group id="lg-54" display="no" color="cyan">
         <name>ESCAN_IF</name>
         <load_address>0xeff0</load_address>
         <run_address>0xeff0</run_address>
         <size>0x2</size>
         <contents>
            <object_component_ref idref="oc-85"/>
         </contents>
      </logical_group>
      <logical_group id="lg-56" display="no" color="cyan">
         <name>WDT</name>
         <load_address>0xeff2</load_address>
         <run_address>0xeff2</run_address>
         <size>0x2</size>
         <contents>
            <object_component_ref idref="oc-86"/>
         </contents>
      </logical_group>
      <logical_group id="lg-58" display="no" color="cyan">
         <name>TIMER0_B1</name>
         <load_address>0xeff4</load_address>
         <run_address>0xeff4</run_address>
         <size>0x2</size>
         <contents>
            <object_component_ref idref="oc-87"/>
         </contents>
      </logical_group>
      <logical_group id="lg-5a" display="no" color="cyan">
         <name>TIMER0_B0</name>
         <load_address>0xeff6</load_address>
         <run_address>0xeff6</run_address>
         <size>0x2</size>
         <contents>
            <object_component_ref idref="oc-88"/>
         </contents>
      </logical_group>
      <logical_group id="lg-5c" display="no" color="cyan">
         <name>COMP_E</name>
         <load_address>0xeff8</load_address>
         <run_address>0xeff8</run_address>
         <size>0x2</size>
         <contents>
            <object_component_ref idref="oc-89"/>
         </contents>
      </logical_group>
      <logical_group id="lg-5e" display="no" color="cyan">
         <name>UNMI</name>
         <load_address>0xeffa</load_address>
         <run_address>0xeffa</run_address>
         <size>0x2</size>
         <contents>
            <object_component_ref idref="oc-8a"/>
         </contents>
      </logical_group>
      <logical_group id="lg-60" display="no" color="cyan">
         <name>SYSNMI</name>
         <load_address>0xeffc</load_address>
         <run_address>0xeffc</run_address>
         <size>0x2</size>
         <contents>
            <object_component_ref idref="oc-8b"/>
         </contents>
      </logical_group>
      <logical_group id="lg-62" display="no" color="cyan">
         <name>.reset</name>
         <load_address>0xeffe</load_address>
         <run_address>0xeffe</run_address>
         <size>0x2</size>
         <contents>
            <object_component_ref idref="oc-5b6"/>
         </contents>
      </logical_group>
      <logical_group id="lg-74f" display="never" color="cyan">
         <name>.debug_info</name>
         <load_address>0x0</load_address>
         <run_address>0x0</run_address>
         <size>0x1b2d</size>
         <contents>
            <object_component_ref idref="oc-5d0"/>
            <object_component_ref idref="oc-5b4"/>
            <object_component_ref idref="oc-5e7"/>
            <object_component_ref idref="oc-673"/>
            <object_component_ref idref="oc-5ce"/>
            <object_component_ref idref="oc-66b"/>
            <object_component_ref idref="oc-644"/>
            <object_component_ref idref="oc-63e"/>
            <object_component_ref idref="oc-5d5"/>
            <object_component_ref idref="oc-62a"/>
            <object_component_ref idref="oc-5c2"/>
            <object_component_ref idref="oc-625"/>
            <object_component_ref idref="oc-664"/>
            <object_component_ref idref="oc-634"/>
            <object_component_ref idref="oc-5b8"/>
            <object_component_ref idref="oc-65f"/>
            <object_component_ref idref="oc-61e"/>
            <object_component_ref idref="oc-62f"/>
            <object_component_ref idref="oc-76b"/>
         </contents>
      </logical_group>
      <logical_group id="lg-751" display="never" color="cyan">
         <name>.debug_line</name>
         <load_address>0x0</load_address>
         <run_address>0x0</run_address>
         <size>0x66d</size>
         <contents>
            <object_component_ref idref="oc-5d3"/>
            <object_component_ref idref="oc-617"/>
            <object_component_ref idref="oc-5ea"/>
            <object_component_ref idref="oc-676"/>
            <object_component_ref idref="oc-624"/>
            <object_component_ref idref="oc-66e"/>
            <object_component_ref idref="oc-647"/>
            <object_component_ref idref="oc-641"/>
            <object_component_ref idref="oc-5d8"/>
            <object_component_ref idref="oc-62d"/>
            <object_component_ref idref="oc-5c5"/>
            <object_component_ref idref="oc-628"/>
            <object_component_ref idref="oc-667"/>
            <object_component_ref idref="oc-637"/>
            <object_component_ref idref="oc-5bb"/>
            <object_component_ref idref="oc-662"/>
            <object_component_ref idref="oc-621"/>
            <object_component_ref idref="oc-632"/>
         </contents>
      </logical_group>
      <logical_group id="lg-753" display="never" color="cyan">
         <name>.debug_abbrev</name>
         <load_address>0x0</load_address>
         <run_address>0x0</run_address>
         <size>0x56a</size>
         <contents>
            <object_component_ref idref="oc-639"/>
            <object_component_ref idref="oc-616"/>
            <object_component_ref idref="oc-64a"/>
            <object_component_ref idref="oc-6b2"/>
            <object_component_ref idref="oc-623"/>
            <object_component_ref idref="oc-6b1"/>
            <object_component_ref idref="oc-671"/>
            <object_component_ref idref="oc-669"/>
            <object_component_ref idref="oc-63a"/>
            <object_component_ref idref="oc-62c"/>
            <object_component_ref idref="oc-5c4"/>
            <object_component_ref idref="oc-627"/>
            <object_component_ref idref="oc-666"/>
            <object_component_ref idref="oc-636"/>
            <object_component_ref idref="oc-5ba"/>
            <object_component_ref idref="oc-661"/>
            <object_component_ref idref="oc-620"/>
            <object_component_ref idref="oc-631"/>
            <object_component_ref idref="oc-76c"/>
         </contents>
      </logical_group>
      <logical_group id="lg-755" display="never" color="cyan">
         <name>.debug_aranges</name>
         <load_address>0x0</load_address>
         <run_address>0x0</run_address>
         <size>0xe0</size>
         <contents>
            <object_component_ref idref="oc-5d1"/>
            <object_component_ref idref="oc-5e8"/>
            <object_component_ref idref="oc-674"/>
            <object_component_ref idref="oc-66c"/>
            <object_component_ref idref="oc-645"/>
            <object_component_ref idref="oc-63f"/>
            <object_component_ref idref="oc-5d6"/>
         </contents>
      </logical_group>
      <logical_group id="lg-757" display="never" color="cyan">
         <name>.debug_pubnames</name>
         <load_address>0x0</load_address>
         <run_address>0x0</run_address>
         <size>0x117</size>
         <contents>
            <object_component_ref idref="oc-5d2"/>
            <object_component_ref idref="oc-5b5"/>
            <object_component_ref idref="oc-5e9"/>
            <object_component_ref idref="oc-675"/>
            <object_component_ref idref="oc-66d"/>
            <object_component_ref idref="oc-646"/>
            <object_component_ref idref="oc-640"/>
            <object_component_ref idref="oc-5d7"/>
         </contents>
      </logical_group>
      <logical_group id="lg-759" display="never" color="cyan">
         <name>.debug_frame</name>
         <load_address>0x0</load_address>
         <run_address>0x0</run_address>
         <size>0x16c</size>
         <contents>
            <object_component_ref idref="oc-5eb"/>
            <object_component_ref idref="oc-677"/>
            <object_component_ref idref="oc-66f"/>
            <object_component_ref idref="oc-648"/>
            <object_component_ref idref="oc-642"/>
            <object_component_ref idref="oc-5d9"/>
         </contents>
      </logical_group>
      <logical_group id="lg-75d" display="never" color="cyan">
         <name>.debug_str</name>
         <load_address>0x0</load_address>
         <run_address>0x0</run_address>
         <size>0xcef</size>
         <contents>
            <object_component_ref idref="oc-62e"/>
            <object_component_ref idref="oc-5c6"/>
            <object_component_ref idref="oc-629"/>
            <object_component_ref idref="oc-668"/>
            <object_component_ref idref="oc-638"/>
            <object_component_ref idref="oc-5bc"/>
            <object_component_ref idref="oc-663"/>
            <object_component_ref idref="oc-622"/>
            <object_component_ref idref="oc-633"/>
         </contents>
      </logical_group>
      <logical_group id="lg-75f" display="never" color="cyan">
         <name>.debug_pubtypes</name>
         <load_address>0x0</load_address>
         <run_address>0x0</run_address>
         <size>0x7f2</size>
         <contents>
            <object_component_ref idref="oc-62b"/>
            <object_component_ref idref="oc-5c3"/>
            <object_component_ref idref="oc-626"/>
            <object_component_ref idref="oc-665"/>
            <object_component_ref idref="oc-635"/>
            <object_component_ref idref="oc-5b9"/>
            <object_component_ref idref="oc-660"/>
            <object_component_ref idref="oc-61f"/>
            <object_component_ref idref="oc-630"/>
         </contents>
      </logical_group>
      <load_segment id="lg-76d" display="no" color="cyan">
         <name>SEGMENT_0</name>
         <run_address>0x2360</run_address>
         <size>0xa0</size>
         <flags>0x6</flags>
         <contents>
            <logical_group_ref idref="lg-5"/>
         </contents>
      </load_segment>
      <load_segment id="lg-76e" display="no" color="cyan">
         <name>SEGMENT_1</name>
         <load_address>0x4404</load_address>
         <run_address>0x4404</run_address>
         <size>0x16e</size>
         <flags>0x5</flags>
         <contents>
            <logical_group_ref idref="lg-769"/>
            <logical_group_ref idref="lg-6"/>
         </contents>
      </load_segment>
      <load_segment id="lg-76f" display="no" color="cyan">
         <name>SEGMENT_2</name>
         <load_address>0xefc6</load_address>
         <run_address>0xefc6</run_address>
         <size>0x3a</size>
         <flags>0x4</flags>
         <contents>
            <logical_group_ref idref="lg-2a"/>
            <logical_group_ref idref="lg-2c"/>
            <logical_group_ref idref="lg-2e"/>
            <logical_group_ref idref="lg-30"/>
            <logical_group_ref idref="lg-32"/>
            <logical_group_ref idref="lg-34"/>
            <logical_group_ref idref="lg-36"/>
            <logical_group_ref idref="lg-38"/>
            <logical_group_ref idref="lg-3a"/>
            <logical_group_ref idref="lg-3c"/>
            <logical_group_ref idref="lg-3e"/>
            <logical_group_ref idref="lg-40"/>
            <logical_group_ref idref="lg-42"/>
            <logical_group_ref idref="lg-44"/>
            <logical_group_ref idref="lg-46"/>
            <logical_group_ref idref="lg-48"/>
            <logical_group_ref idref="lg-4a"/>
            <logical_group_ref idref="lg-4c"/>
            <logical_group_ref idref="lg-4e"/>
            <logical_group_ref idref="lg-50"/>
            <logical_group_ref idref="lg-52"/>
            <logical_group_ref idref="lg-54"/>
            <logical_group_ref idref="lg-56"/>
            <logical_group_ref idref="lg-58"/>
            <logical_group_ref idref="lg-5a"/>
            <logical_group_ref idref="lg-5c"/>
            <logical_group_ref idref="lg-5e"/>
            <logical_group_ref idref="lg-60"/>
            <logical_group_ref idref="lg-62"/>
         </contents>
      </load_segment>
      <load_segment id="lg-770" display="no" color="cyan">
         <name>SEGMENT_3</name>
         <load_address>0x10000</load_address>
         <run_address>0x10000</run_address>
         <size>0x14</size>
         <flags>0x4</flags>
         <contents>
            <logical_group_ref idref="lg-76a"/>
         </contents>
      </load_segment>
   </logical_group_list>
   <placement_map>
      <memory_area display="no" color="green">
         <name>SFR</name>
         <page_id>0x0</page_id>
         <origin>0x0</origin>
         <length>0x10</length>
         <used_space>0x0</used_space>
         <unused_space>0x10</unused_space>
         <attributes>RWIX</attributes>
         <usage_details>
         </usage_details>
      </memory_area>
      <memory_area display="yes" color="green">
         <name>PERIPHERALS_8BIT</name>
         <page_id>0x0</page_id>
         <origin>0x10</origin>
         <length>0xf0</length>
         <used_space>0x0</used_space>
         <unused_space>0xf0</unused_space>
         <attributes>RWIX</attributes>
         <usage_details>
         </usage_details>
      </memory_area>
      <memory_area display="yes" color="green">
         <name>PERIPHERALS_16BIT</name>
         <page_id>0x0</page_id>
         <origin>0x100</origin>
         <length>0x100</length>
         <used_space>0x0</used_space>
         <unused_space>0x100</unused_space>
         <attributes>RWIX</attributes>
         <usage_details>
         </usage_details>
      </memory_area>
      <memory_area display="yes" color="green">
         <name>RAM</name>
         <page_id>0x0</page_id>
         <origin>0x1c08</origin>
         <length>0x7f8</length>
         <used_space>0xa0</used_space>
         <unused_space>0x758</unused_space>
         <attributes>RWIX</attributes>
         <usage_details>
            <available_space>
               <start_address>0x1c08</start_address>
               <size>0x758</size>
            </available_space>
            <allocated_space>
               <start_address>0x2360</start_address>
               <size>0xa0</size>
               <logical_group_ref idref="lg-5"/>
            </allocated_space>
         </usage_details>
      </memory_area>
      <memory_area display="yes" color="green">
         <name>FRAM</name>
         <page_id>0x0</page_id>
         <origin>0x4403</origin>
         <length>0xab8d</length>
         <used_space>0x16e</used_space>
         <unused_space>0xaa1f</unused_space>
         <attributes>RWIX</attributes>
         <usage_details>
            <available_space>
               <start_address>0x4403</start_address>
               <size>0x1</size>
            </available_space>
            <allocated_space>
               <start_address>0x4404</start_address>
               <size>0x134</size>
               <logical_group_ref idref="lg-769"/>
            </allocated_space>
            <allocated_space>
               <start_address>0x4538</start_address>
               <size>0x3a</size>
               <logical_group_ref idref="lg-6"/>
            </allocated_space>
            <available_space>
               <start_address>0x4572</start_address>
               <size>0x28e</size>
            </available_space>
            <allocated_space>
               <start_address>0x4800</start_address>
               <size>0x0</size>
               <logical_group_ref idref="lg-7"/>
            </allocated_space>
            <available_space>
               <start_address>0x4800</start_address>
               <size>0xa790</size>
            </available_space>
         </usage_details>
      </memory_area>
      <memory_area display="no" color="green">
         <name>INT00</name>
         <page_id>0x0</page_id>
         <origin>0xef90</origin>
         <length>0x2</length>
         <used_space>0x0</used_space>
         <unused_space>0x2</unused_space>
         <attributes>RWIX</attributes>
         <usage_details>
         </usage_details>
      </memory_area>
      <memory_area display="no" color="green">
         <name>INT01</name>
         <page_id>0x0</page_id>
         <origin>0xef92</origin>
         <length>0x2</length>
         <used_space>0x0</used_space>
         <unused_space>0x2</unused_space>
         <attributes>RWIX</attributes>
         <usage_details>
         </usage_details>
      </memory_area>
      <memory_area display="no" color="green">
         <name>INT02</name>
         <page_id>0x0</page_id>
         <origin>0xef94</origin>
         <length>0x2</length>
         <used_space>0x0</used_space>
         <unused_space>0x2</unused_space>
         <attributes>RWIX</attributes>
         <usage_details>
         </usage_details>
      </memory_area>
      <memory_area display="no" color="green">
         <name>INT03</name>
         <page_id>0x0</page_id>
         <origin>0xef96</origin>
         <length>0x2</length>
         <used_space>0x0</used_space>
         <unused_space>0x2</unused_space>
         <attributes>RWIX</attributes>
         <usage_details>
         </usage_details>
[...]
         <value>0x5e2</value>
      </symbol>
      <symbol id="sm-4a7">
         <name>UCA1CTLW1_H</name>
         <value>0x5e3</value>
      </symbol>
      <symbol id="sm-4a8">
         <name>UCA1BRW</name>
         <value>0x5e6</value>
      </symbol>
      <symbol id="sm-4a9">
         <name>UCA1BRW_L</name>
         <value>0x5e6</value>
      </symbol>
      <symbol id="sm-4aa">
         <name>UCA1BRW_H</name>
         <value>0x5e7</value>
      </symbol>
      <symbol id="sm-4ab">
         <name>UCA1MCTLW</name>
         <value>0x5e8</value>
      </symbol>
      <symbol id="sm-4ac">
         <name>UCA1MCTLW_L</name>
         <value>0x5e8</value>
      </symbol>
      <symbol id="sm-4ad">
         <name>UCA1MCTLW_H</name>
         <value>0x5e9</value>
      </symbol>
      <symbol id="sm-4ae">
         <name>UCA1STATW</name>
         <value>0x5ea</value>
      </symbol>
      <symbol id="sm-4af">
         <name>UCA1RXBUF</name>
         <value>0x5ec</value>
      </symbol>
      <symbol id="sm-4b0">
         <name>UCA1RXBUF_L</name>
         <value>0x5ec</value>
      </symbol>
      <symbol id="sm-4b1">
         <name>UCA1RXBUF_H</name>
         <value>0x5ed</value>
      </symbol>
      <symbol id="sm-4b2">
         <name>UCA1TXBUF</name>
         <value>0x5ee</value>
      </symbol>
      <symbol id="sm-4b3">
         <name>UCA1TXBUF_L</name>
         <value>0x5ee</value>
      </symbol>
      <symbol id="sm-4b4">
         <name>UCA1TXBUF_H</name>
         <value>0x5ef</value>
      </symbol>
      <symbol id="sm-4b5">
         <name>UCA1ABCTL</name>
         <value>0x5f0</value>
      </symbol>
      <symbol id="sm-4b6">
         <name>UCA1IRCTL</name>
         <value>0x5f2</value>
      </symbol>
      <symbol id="sm-4b7">
         <name>UCA1IRCTL_L</name>
         <value>0x5f2</value>
      </symbol>
      <symbol id="sm-4b8">
         <name>UCA1IRCTL_H</name>
         <value>0x5f3</value>
      </symbol>
      <symbol id="sm-4b9">
         <name>UCA1IE</name>
         <value>0x5fa</value>
      </symbol>
      <symbol id="sm-4ba">
         <name>UCA1IE_L</name>
         <value>0x5fa</value>
      </symbol>
      <symbol id="sm-4bb">
         <name>UCA1IE_H</name>
         <value>0x5fb</value>
      </symbol>
      <symbol id="sm-4bc">
         <name>UCA1IFG</name>
         <value>0x5fc</value>
      </symbol>
      <symbol id="sm-4bd">
         <name>UCA1IFG_L</name>
         <value>0x5fc</value>
      </symbol>
      <symbol id="sm-4be">
         <name>UCA1IFG_H</name>
         <value>0x5fd</value>
      </symbol>
      <symbol id="sm-4bf">
         <name>UCA1IV</name>
         <value>0x5fe</value>
      </symbol>
      <symbol id="sm-4c0">
         <name>UCB0CTLW0</name>
         <value>0x640</value>
      </symbol>
      <symbol id="sm-4c1">
         <name>UCB0CTLW0_L</name>
         <value>0x640</value>
      </symbol>
      <symbol id="sm-4c2">
         <name>UCB0CTLW0_H</name>
         <value>0x641</value>
      </symbol>
      <symbol id="sm-4c3">
         <name>UCB0CTLW1</name>
         <value>0x642</value>
      </symbol>
      <symbol id="sm-4c4">
         <name>UCB0CTLW1_L</name>
         <value>0x642</value>
      </symbol>
      <symbol id="sm-4c5">
         <name>UCB0CTLW1_H</name>
         <value>0x643</value>
      </symbol>
      <symbol id="sm-4c6">
         <name>UCB0BRW</name>
         <value>0x646</value>
      </symbol>
      <symbol id="sm-4c7">
         <name>UCB0BRW_L</name>
         <value>0x646</value>
      </symbol>
      <symbol id="sm-4c8">
         <name>UCB0BRW_H</name>
         <value>0x647</value>
      </symbol>
      <symbol id="sm-4c9">
         <name>UCB0STATW</name>
         <value>0x648</value>
      </symbol>
      <symbol id="sm-4ca">
         <name>UCB0STATW_L</name>
         <value>0x648</value>
      </symbol>
      <symbol id="sm-4cb">
         <name>UCB0STATW_H</name>
         <value>0x649</value>
      </symbol>
      <symbol id="sm-4cc">
         <name>UCB0TBCNT</name>
         <value>0x64a</value>
      </symbol>
      <symbol id="sm-4cd">
         <name>UCB0TBCNT_L</name>
         <value>0x64a</value>
      </symbol>
      <symbol id="sm-4ce">
         <name>UCB0TBCNT_H</name>
         <value>0x64b</value>
      </symbol>
      <symbol id="sm-4cf">
         <name>UCB0RXBUF</name>
         <value>0x64c</value>
      </symbol>
      <symbol id="sm-4d0">
         <name>UCB0RXBUF_L</name>
         <value>0x64c</value>
      </symbol>
      <symbol id="sm-4d1">
         <name>UCB0RXBUF_H</name>
         <value>0x64d</value>
      </symbol>
      <symbol id="sm-4d2">
         <name>UCB0TXBUF</name>
         <value>0x64e</value>
      </symbol>
      <symbol id="sm-4d3">
         <name>UCB0TXBUF_L</name>
         <value>0x64e</value>
      </symbol>
      <symbol id="sm-4d4">
         <name>UCB0TXBUF_H</name>
         <value>0x64f</value>
      </symbol>
      <symbol id="sm-4d5">
         <name>UCB0I2COA0</name>
         <value>0x654</value>
      </symbol>
      <symbol id="sm-4d6">
         <name>UCB0I2COA0_L</name>
         <value>0x654</value>
      </symbol>
      <symbol id="sm-4d7">
         <name>UCB0I2COA0_H</name>
         <value>0x655</value>
      </symbol>
      <symbol id="sm-4d8">
         <name>UCB0I2COA1</name>
         <value>0x656</value>
      </symbol>
      <symbol id="sm-4d9">
         <name>UCB0I2COA1_L</name>
         <value>0x656</value>
      </symbol>
      <symbol id="sm-4da">
         <name>UCB0I2COA1_H</name>
         <value>0x657</value>
      </symbol>
      <symbol id="sm-4db">
         <name>UCB0I2COA2</name>
         <value>0x658</value>
      </symbol>
      <symbol id="sm-4dc">
         <name>UCB0I2COA2_L</name>
         <value>0x658</value>
      </symbol>
      <symbol id="sm-4dd">
         <name>UCB0I2COA2_H</name>
         <value>0x659</value>
      </symbol>
      <symbol id="sm-4de">
         <name>UCB0I2COA3</name>
         <value>0x65a</value>
      </symbol>
      <symbol id="sm-4df">
         <name>UCB0I2COA3_L</name>
         <value>0x65a</value>
      </symbol>
      <symbol id="sm-4e0">
         <name>UCB0I2COA3_H</name>
         <value>0x65b</value>
      </symbol>
      <symbol id="sm-4e1">
         <name>UCB0ADDRX</name>
         <value>0x65c</value>
      </symbol>
      <symbol id="sm-4e2">
         <name>UCB0ADDRX_L</name>
         <value>0x65c</value>
      </symbol>
      <symbol id="sm-4e3">
         <name>UCB0ADDRX_H</name>
         <value>0x65d</value>
      </symbol>
      <symbol id="sm-4e4">
         <name>UCB0ADDMASK</name>
         <value>0x65e</value>
      </symbol>
      <symbol id="sm-4e5">
         <name>UCB0ADDMASK_L</name>
         <value>0x65e</value>
      </symbol>
      <symbol id="sm-4e6">
         <name>UCB0ADDMASK_H</name>
         <value>0x65f</value>
      </symbol>
      <symbol id="sm-4e7">
         <name>UCB0I2CSA</name>
         <value>0x660</value>
      </symbol>
      <symbol id="sm-4e8">
         <name>UCB0I2CSA_L</name>
         <value>0x660</value>
      </symbol>
      <symbol id="sm-4e9">
         <name>UCB0I2CSA_H</name>
         <value>0x661</value>
      </symbol>
      <symbol id="sm-4ea">
         <name>UCB0IE</name>
         <value>0x66a</value>
      </symbol>
      <symbol id="sm-4eb">
         <name>UCB0IE_L</name>
         <value>0x66a</value>
      </symbol>
      <symbol id="sm-4ec">
         <name>UCB0IE_H</name>
         <value>0x66b</value>
      </symbol>
      <symbol id="sm-4ed">
         <name>UCB0IFG</name>
         <value>0x66c</value>
      </symbol>
      <symbol id="sm-4ee">
         <name>UCB0IFG_L</name>
         <value>0x66c</value>
      </symbol>
      <symbol id="sm-4ef">
         <name>UCB0IFG_H</name>
         <value>0x66d</value>
      </symbol>
      <symbol id="sm-4f0">
         <name>UCB0IV</name>
         <value>0x66e</value>
      </symbol>
      <symbol id="sm-4f1">
         <name>UCB1CTLW0</name>
         <value>0x680</value>
      </symbol>
      <symbol id="sm-4f2">
         <name>UCB1CTLW0_L</name>
         <value>0x680</value>
      </symbol>
      <symbol id="sm-4f3">
         <name>UCB1CTLW0_H</name>
         <value>0x681</value>
      </symbol>
      <symbol id="sm-4f4">
         <name>UCB1CTLW1</name>
         <value>0x682</value>
      </symbol>
      <symbol id="sm-4f5">
         <name>UCB1CTLW1_L</name>
         <value>0x682</value>
      </symbol>
      <symbol id="sm-4f6">
         <name>UCB1CTLW1_H</name>
         <value>0x683</value>
      </symbol>
      <symbol id="sm-4f7">
         <name>UCB1BRW</name>
         <value>0x686</value>
      </symbol>
      <symbol id="sm-4f8">
         <name>UCB1BRW_L</name>
         <value>0x686</value>
      </symbol>
      <symbol id="sm-4f9">
         <name>UCB1BRW_H</name>
         <value>0x687</value>
      </symbol>
      <symbol id="sm-4fa">
         <name>UCB1STATW</name>
         <value>0x688</value>
      </symbol>
      <symbol id="sm-4fb">
         <name>UCB1STATW_L</name>
         <value>0x688</value>
      </symbol>
      <symbol id="sm-4fc">
         <name>UCB1STATW_H</name>
         <value>0x689</value>
      </symbol>
      <symbol id="sm-4fd">
         <name>UCB1TBCNT</name>
         <value>0x68a</value>
      </symbol>
      <symbol id="sm-4fe">
         <name>UCB1TBCNT_L</name>
         <value>0x68a</value>
      </symbol>
      <symbol id="sm-4ff">
         <name>UCB1TBCNT_H</name>
         <value>0x68b</value>
      </symbol>
      <symbol id="sm-500">
         <name>UCB1RXBUF</name>
         <value>0x68c</value>
      </symbol>
      <symbol id="sm-501">
         <name>UCB1RXBUF_L</name>
         <value>0x68c</value>
      </symbol>
      <symbol id="sm-502">
         <name>UCB1RXBUF_H</name>
         <value>0x68d</value>
      </symbol>
      <symbol id="sm-503">
         <name>UCB1TXBUF</name>
         <value>0x68e</value>
      </symbol>
      <symbol id="sm-504">
         <name>UCB1TXBUF_L</name>
         <value>0x68e</value>
      </symbol>
      <symbol id="sm-505">
         <name>UCB1TXBUF_H</name>
         <value>0x68f</value>
      </symbol>
      <symbol id="sm-506">
         <name>UCB1I2COA0</name>
         <value>0x694</value>
      </symbol>
      <symbol id="sm-507">
         <name>UCB1I2COA0_L</name>
         <value>0x694</value>
      </symbol>
      <symbol id="sm-508">
         <name>UCB1I2COA0_H</name>
         <value>0x695</value>
      </symbol>
      <symbol id="sm-509">
         <name>UCB1I2COA1</name>
         <value>0x696</value>
      </symbol>
      <symbol id="sm-50a">
         <name>UCB1I2COA1_L</name>
         <value>0x696</value>
      </symbol>
      <symbol id="sm-50b">
         <name>UCB1I2COA1_H</name>
         <value>0x697</value>
      </symbol>
      <symbol id="sm-50c">
         <name>UCB1I2COA2</name>
         <value>0x698</value>
      </symbol>
      <symbol id="sm-50d">
         <name>UCB1I2COA2_L</name>
         <value>0x698</value>
      </symbol>
      <symbol id="sm-50e">
         <name>UCB1I2COA2_H</name>
         <value>0x699</value>
      </symbol>
      <symbol id="sm-50f">
         <name>UCB1I2COA3</name>
         <value>0x69a</value>
      </symbol>
      <symbol id="sm-510">
         <name>UCB1I2COA3_L</name>
         <value>0x69a</value>
      </symbol>
      <symbol id="sm-511">
         <name>UCB1I2COA3_H</name>
         <value>0x69b</value>
      </symbol>
      <symbol id="sm-512">
         <name>UCB1ADDRX</name>
         <value>0x69c</value>
      </symbol>
      <symbol id="sm-513">
         <name>UCB1ADDRX_L</name>
         <value>0x69c</value>
      </symbol>
      <symbol id="sm-514">
         <name>UCB1ADDRX_H</name>
         <value>0x69d</value>
      </symbol>
      <symbol id="sm-515">
         <name>UCB1ADDMASK</name>
         <value>0x69e</value>
      </symbol>
      <symbol id="sm-516">
         <name>UCB1ADDMASK_L</name>
         <value>0x69e</value>
      </symbol>
      <symbol id="sm-517">
         <name>UCB1ADDMASK_H</name>
         <value>0x69f</value>
      </symbol>
      <symbol id="sm-518">
         <name>UCB1I2CSA</name>
         <value>0x6a0</value>
      </symbol>
      <symbol id="sm-519">
         <name>UCB1I2CSA_L</name>
         <value>0x6a0</value>
      </symbol>
      <symbol id="sm-51a">
         <name>UCB1I2CSA_H</name>
         <value>0x6a1</value>
      </symbol>
      <symbol id="sm-51b">
         <name>UCB1IE</name>
         <value>0x6aa</value>
      </symbol>
      <symbol id="sm-51c">
         <name>UCB1IE_L</name>
         <value>0x6aa</value>
      </symbol>
      <symbol id="sm-51d">
         <name>UCB1IE_H</name>
         <value>0x6ab</value>
      </symbol>
      <symbol id="sm-51e">
         <name>UCB1IFG</name>
         <value>0x6ac</value>
      </symbol>
      <symbol id="sm-51f">
         <name>UCB1IFG_L</name>
         <value>0x6ac</value>
      </symbol>
      <symbol id="sm-520">
         <name>UCB1IFG_H</name>
         <value>0x6ad</value>
      </symbol>
      <symbol id="sm-521">
         <name>UCB1IV</name>
         <value>0x6ae</value>
      </symbol>
      <symbol id="sm-522">
         <name>WDTCTL</name>
         <value>0x15c</value>
      </symbol>
      <symbol id="sm-523">
         <name>WDTCTL_L</name>
         <value>0x15c</value>
      </symbol>
      <symbol id="sm-524">
         <name>WDTCTL_H</name>
         <value>0x15d</value>
      </symbol>
      <symbol id="sm-525">
         <name>fram_rw_start</name>
         <value>0x4800</value>
      </symbol>
      <symbol id="sm-526">
         <name>__STACK_SIZE</name>
         <value>0xa0</value>
      </symbol>
      <symbol id="sm-527">
         <name>__STACK_END</name>
         <value>0x2400</value>
      </symbol>
      <symbol id="sm-528">
         <name>__c_args__</name>
         <value>0xffffffff</value>
      </symbol>
      <symbol id="sm-529">
         <name>__TI_pprof_out_hndl</name>
         <value>0xffffffff</value>
      </symbol>
      <symbol id="sm-52a">
         <name>__TI_prof_data_start</name>
         <value>0xffffffff</value>
      </symbol>
      <symbol id="sm-52b">
         <name>__TI_prof_data_size</name>
         <value>0xffffffff</value>
      </symbol>
      <symbol id="sm-5ce">
         <name>__TI_int47</name>
         <value>0xefee</value>
         <object_component_ref idref="oc-84"/>
      </symbol>
      <symbol id="sm-5cf">
         <name>USCI_A0_ISR</name>
         <value>0x4538</value>
         <object_component_ref idref="oc-5d4"/>
      </symbol>
      <symbol id="sm-5d0">
         <name>main</name>
         <value>0x44be</value>
         <object_component_ref idref="oc-643"/>
      </symbol>
      <symbol id="sm-5d1">
         <name>_system_pre_init</name>
         <value>0x4534</value>
         <object_component_ref idref="oc-63d"/>
      </symbol>
      <symbol id="sm-5d4">
         <name>__TI_int27</name>
         <value>0xefc6</value>
         <object_component_ref idref="oc-70"/>
      </symbol>
      <symbol id="sm-5dc">
         <name>__TI_ISR_TRAP</name>
         <value>0x456a</value>
         <object_component_ref idref="oc-5cf"/>
      </symbol>
      <symbol id="sm-5df">
         <name>__TI_int28</name>
         <value>0xefc8</value>
         <object_component_ref idref="oc-71"/>
      </symbol>
      <symbol id="sm-5e2">
         <name>__TI_int29</name>
         <value>0xefca</value>
         <object_component_ref idref="oc-72"/>
      </symbol>
      <symbol id="sm-5e5">
         <name>__TI_int30</name>
         <value>0xefcc</value>
         <object_component_ref idref="oc-73"/>
      </symbol>
      <symbol id="sm-5e8">
         <name>__TI_int31</name>
         <value>0xefce</value>
         <object_component_ref idref="oc-74"/>
      </symbol>
      <symbol id="sm-5eb">
         <name>__TI_int32</name>
         <value>0xefd0</value>
         <object_component_ref idref="oc-75"/>
      </symbol>
      <symbol id="sm-5ee">
         <name>__TI_int33</name>
         <value>0xefd2</value>
         <object_component_ref idref="oc-76"/>
      </symbol>
      <symbol id="sm-5f1">
         <name>__TI_int34</name>
         <value>0xefd4</value>
         <object_component_ref idref="oc-77"/>
      </symbol>
      <symbol id="sm-5f4">
         <name>__TI_int35</name>
         <value>0xefd6</value>
         <object_component_ref idref="oc-78"/>
      </symbol>
      <symbol id="sm-5f7">
         <name>__TI_int36</name>
         <value>0xefd8</value>
         <object_component_ref idref="oc-79"/>
      </symbol>
      <symbol id="sm-5fa">
         <name>__TI_int37</name>
         <value>0xefda</value>
         <object_component_ref idref="oc-7a"/>
      </symbol>
      <symbol id="sm-5fd">
         <name>__TI_int38</name>
         <value>0xefdc</value>
         <object_component_ref idref="oc-7b"/>
      </symbol>
      <symbol id="sm-600">
         <name>__TI_int39</name>
         <value>0xefde</value>
         <object_component_ref idref="oc-7c"/>
      </symbol>
      <symbol id="sm-603">
         <name>__TI_int40</name>
         <value>0xefe0</value>
         <object_component_ref idref="oc-7d"/>
      </symbol>
      <symbol id="sm-606">
         <name>__TI_int41</name>
         <value>0xefe2</value>
         <object_component_ref idref="oc-7e"/>
      </symbol>
      <symbol id="sm-609">
         <name>__TI_int42</name>
         <value>0xefe4</value>
         <object_component_ref idref="oc-7f"/>
      </symbol>
      <symbol id="sm-60c">
         <name>__TI_int43</name>
         <value>0xefe6</value>
         <object_component_ref idref="oc-80"/>
      </symbol>
      <symbol id="sm-60f">
         <name>__TI_int44</name>
         <value>0xefe8</value>
         <object_component_ref idref="oc-81"/>
      </symbol>
      <symbol id="sm-612">
         <name>__TI_int45</name>
         <value>0xefea</value>
         <object_component_ref idref="oc-82"/>
      </symbol>
      <symbol id="sm-615">
         <name>__TI_int46</name>
         <value>0xefec</value>
         <object_component_ref idref="oc-83"/>
      </symbol>
      <symbol id="sm-618">
         <name>__TI_int48</name>
         <value>0xeff0</value>
         <object_component_ref idref="oc-85"/>
      </symbol>
      <symbol id="sm-61b">
         <name>__TI_int49</name>
         <value>0xeff2</value>
         <object_component_ref idref="oc-86"/>
      </symbol>
      <symbol id="sm-61e">
         <name>__TI_int50</name>
         <value>0xeff4</value>
         <object_component_ref idref="oc-87"/>
      </symbol>
      <symbol id="sm-621">
         <name>__TI_int51</name>
         <value>0xeff6</value>
         <object_component_ref idref="oc-88"/>
      </symbol>
      <symbol id="sm-624">
         <name>__TI_int52</name>
         <value>0xeff8</value>
         <object_component_ref idref="oc-89"/>
      </symbol>
      <symbol id="sm-627">
         <name>__TI_int53</name>
         <value>0xeffa</value>
         <object_component_ref idref="oc-8a"/>
      </symbol>
      <symbol id="sm-62a">
         <name>__TI_int54</name>
         <value>0xeffc</value>
         <object_component_ref idref="oc-8b"/>
      </symbol>
      <symbol id="sm-63e">
         <name>_c_int00_noinit_noargs</name>
         <value>0x4556</value>
         <object_component_ref idref="oc-5e6"/>
      </symbol>
      <symbol id="sm-63f">
         <name>_stack</name>
         <value>0x2360</value>
         <object_component_ref idref="oc-5b3"/>
      </symbol>
      <symbol id="sm-640">
         <name>_reset_vector</name>
         <value>0xeffe</value>
         <object_component_ref idref="oc-5b6"/>
      </symbol>
      <symbol id="sm-64e">
         <name>C$$EXIT</name>
         <value>0x452e</value>
         <object_component_ref idref="oc-672"/>
      </symbol>
      <symbol id="sm-64f">
         <name>abort</name>
         <value>0x452e</value>
         <object_component_ref idref="oc-672"/>
      </symbol>
   </symbol_table>
   <title>Link successful</title>
</link_info>
